C:\Users\arefa\AppData\Local\Temp\Archestro_V27_BUILD_20261005\src\Archestro.MeetingVault\MainWindow.xaml.cs(1637,69): warning CS8602: Dereference of a possibly null reference. [C:\Users\arefa\AppData\Local\Temp\Archestro_V27_BUILD_20261005\src\Archestro.MeetingVault\Archestro.MeetingVault_kaxg0wcq_wpftmp.csproj]
C:\Users\arefa\AppData\Local\Temp\Archestro_V27_BUILD_20261005\src\Archestro.MeetingVault\MainWindow.xaml.cs(318,22): warning CS0649: Field 'MainWindow.MINMAXINFO.ptMaxTrackSize' is never assigned to, and will always have its default value [C:\Users\arefa\AppData\Local\Temp\Archestro_V27_BUILD_20261005\src\Archestro.MeetingVault\Archestro.MeetingVault_kaxg0wcq_wpftmp.csproj]
C:\Users\arefa\AppData\Local\Temp\Archestro_V27_BUILD_20261005\src\Archestro.MeetingVault\MainWindow.xaml.cs(317,22): warning CS0649: Field 'MainWindow.MINMAXINFO.ptMinTrackSize' is never assigned to, and will always have its default value [C:\Users\arefa\AppData\Local\Temp\Archestro_V27_BUILD_20261005\src\Archestro.MeetingVault\Archestro.MeetingVault_kaxg0wcq_wpftmp.csproj]
C:\Users\arefa\AppData\Local\Temp\Archestro_V27_BUILD_20261005\src\Archestro.MeetingVault\MainWindow.xaml.cs(314,22): warning CS0649: Field 'MainWindow.MINMAXINFO.ptReserved' is never assigned to, and will always have its default value [C:\Users\arefa\AppData\Local\Temp\Archestro_V27_BUILD_20261005\src\Archestro.MeetingVault\Archestro.MeetingVault_kaxg0wcq_wpftmp.csproj]
C:\Users\arefa\AppData\Local\Temp\Archestro_V27_BUILD_20261005\src\Archestro.MeetingVault\MainWindow.xaml.cs(1637,69): warning CS8602: Dereference of a possibly null reference. [C:\Users\arefa\AppData\Local\Temp\Archestro_V27_BUILD_20261005\src\Archestro.MeetingVault\Archestro.MeetingVault.csproj]
C:\Users\arefa\AppData\Local\Temp\Archestro_V27_BUILD_20261005\src\Archestro.MeetingVault\MainWindow.xaml.cs(317,22): warning CS0649: Field 'MainWindow.MINMAXINFO.ptMinTrackSize' is never assigned to, and will always have its default value [C:\Users\arefa\AppData\Local\Temp\Archestro_V27_BUILD_20261005\src\Archestro.MeetingVault\Archestro.MeetingVault.csproj]
C:\Users\arefa\AppData\Local\Temp\Archestro_V27_BUILD_20261005\src\Archestro.MeetingVault\MainWindow.xaml.cs(314,22): warning CS0649: Field 'MainWindow.MINMAXINFO.ptReserved' is never assigned to, and will always have its default value [C:\Users\arefa\AppData\Local\Temp\Archestro_V27_BUILD_20261005\src\Archestro.MeetingVault\Archestro.MeetingVault.csproj]
C:\Users\arefa\AppData\Local\Temp\Archestro_V27_BUILD_20261005\src\Archestro.MeetingVault\MainWindow.xaml.cs(318,22): warning CS0649: Field 'MainWindow.MINMAXINFO.ptMaxTrackSize' is never assigned to, and will always have its default value [C:\Users\arefa\AppData\Local\Temp\Archestro_V27_BUILD_20261005\src\Archestro.MeetingVault\Archestro.MeetingVault.csproj]
  Archestro.MeetingVault -> C:\Users\arefa\AppData\Local\Temp\Archestro_V27_BUILD_20261005\src\Archestro.MeetingVault\bin\Release\net10.0-windows\win-x64\Archestro.MeetingVault.dll

Build succeeded.

C:\Users\arefa\AppData\Local\Temp\Archestro_V27_BUILD_20261005\src\Archestro.MeetingVault\MainWindow.xaml.cs(1637,69): warning CS8602: Dereference of a possibly null reference. [C:\Users\arefa\AppData\Local\Temp\Archestro_V27_BUILD_20261005\src\Archestro.MeetingVault\Archestro.MeetingVault_kaxg0wcq_wpftmp.csproj]
C:\Users\arefa\AppData\Local\Temp\Archestro_V27_BUILD_20261005\src\Archestro.MeetingVault\MainWindow.xaml.cs(318,22): warning CS0649: Field 'MainWindow.MINMAXINFO.ptMaxTrackSize' is never assigned to, and will always have its default value [C:\Users\arefa\AppData\Local\Temp\Archestro_V27_BUILD_20261005\src\Archestro.MeetingVault\Archestro.MeetingVault_kaxg0wcq_wpftmp.csproj]
C:\Users\arefa\AppData\Local\Temp\Archestro_V27_BUILD_20261005\src\Archestro.MeetingVault\MainWindow.xaml.cs(317,22): warning CS0649: Field 'MainWindow.MINMAXINFO.ptMinTrackSize' is never assigned to, and will always have its default value [C:\Users\arefa\AppData\Local\Temp\Archestro_V27_BUILD_20261005\src\Archestro.MeetingVault\Archestro.MeetingVault_kaxg0wcq_wpftmp.csproj]
C:\Users\arefa\AppData\Local\Temp\Archestro_V27_BUILD_20261005\src\Archestro.MeetingVault\MainWindow.xaml.cs(314,22): warning CS0649: Field 'MainWindow.MINMAXINFO.ptReserved' is never assigned to, and will always have its default value [C:\Users\arefa\AppData\Local\Temp\Archestro_V27_BUILD_20261005\src\Archestro.MeetingVault\Archestro.MeetingVault_kaxg0wcq_wpftmp.csproj]
C:\Users\arefa\AppData\Local\Temp\Archestro_V27_BUILD_20261005\src\Archestro.MeetingVault\MainWindow.xaml.cs(1637,69): warning CS8602: Dereference of a possibly null reference. [C:\Users\arefa\AppData\Local\Temp\Archestro_V27_BUILD_20261005\src\Archestro.MeetingVault\Archestro.MeetingVault.csproj]
C:\Users\arefa\AppData\Local\Temp\Archestro_V27_BUILD_20261005\src\Archestro.MeetingVault\MainWindow.xaml.cs(317,22): warning CS0649: Field 'MainWindow.MINMAXINFO.ptMinTrackSize' is never assigned to, and will always have its default value [C:\Users\arefa\AppData\Local\Temp\Archestro_V27_BUILD_20261005\src\Archestro.MeetingVault\Archestro.MeetingVault.csproj]
C:\Users\arefa\AppData\Local\Temp\Archestro_V27_BUILD_20261005\src\Archestro.MeetingVault\MainWindow.xaml.cs(314,22): warning CS0649: Field 'MainWindow.MINMAXINFO.ptReserved' is never assigned to, and will always have its default value [C:\Users\arefa\AppData\Local\Temp\Archestro_V27_BUILD_20261005\src\Archestro.MeetingVault\Archestro.MeetingVault.csproj]
C:\Users\arefa\AppData\Local\Temp\Archestro_V27_BUILD_20261005\src\Archestro.MeetingVault\MainWindow.xaml.cs(318,22): warning CS0649: Field 'MainWindow.MINMAXINFO.ptMaxTrackSize' is never assigned to, and will always have its default value [C:\Users\arefa\AppData\Local\Temp\Archestro_V27_BUILD_20261005\src\Archestro.MeetingVault\Archestro.MeetingVault.csproj]
    8 Warning(s)
    0 Error(s)

Time Elapsed 00:00:15.27
